/backup/cyang58/linux/2019/09-08/cs120.c
/backup/cyang58/linux/2019/09-08/100loop.c
/backup/cyang58/linux/2019/09-08/826classwork.c
/backup/cyang58/linux/2019/09-08/hello.c
/backup/cyang58/linux/2019/09-08/multitable.c
/backup/cyang58/linux/2019/09-08/lab/lab2.c
/backup/cyang58/linux/2019/10-06/cs120.c
/backup/cyang58/linux/2019/10-06/lab/lab2.c
/backup/cyang58/linux/2019/10-06/100loop.c
/backup/cyang58/linux/2019/10-06/826classwork.c
/backup/cyang58/linux/2019/10-06/hello.c
/backup/cyang58/linux/2019/10-06/multitable.c
/backup/cyang58/linux/2019/10-20/cs120.c
/backup/cyang58/linux/2019/10-20/lab/lab2.c
/backup/cyang58/linux/2019/10-20/100loop.c
/backup/cyang58/linux/2019/10-20/826classwork.c
/backup/cyang58/linux/2019/10-20/hello.c
/backup/cyang58/linux/2019/10-20/multitable.c
/backup/cyang58/linux/2019/10-27/lab/lab2.c
/backup/cyang58/linux/2019/10-27/cs120.c
/backup/cyang58/linux/2019/10-27/100loop.c
/backup/cyang58/linux/2019/10-27/826classwork.c
/backup/cyang58/linux/2019/10-27/hello.c
/backup/cyang58/linux/2019/10-27/multitable.c
/backup/cyang58/linux/2019/11-01/cs120.c
/backup/cyang58/linux/2019/11-01/lab/lab2.c
/backup/cyang58/linux/2019/11-01/100loop.c
/backup/cyang58/linux/2019/11-01/826classwork.c
/backup/cyang58/linux/2019/11-01/hello.c
/backup/cyang58/linux/2019/11-01/multitable.c
/backup/cyang58/linux/2019/11-03/cs120.c
/backup/cyang58/linux/2019/11-03/lab/lab2.c
/backup/cyang58/linux/2019/11-03/100loop.c
/backup/cyang58/linux/2019/11-03/826classwork.c
/backup/cyang58/linux/2019/11-03/hello.c
/backup/cyang58/linux/2019/11-03/multitable.c
/backup/cyang58/linux/2019/11-24/cs120.c
/backup/cyang58/linux/2019/11-24/lab/lab2.c
/backup/cyang58/linux/2019/11-24/100loop.c
/backup/cyang58/linux/2019/11-24/826classwork.c
/backup/cyang58/linux/2019/11-24/hello.c
/backup/cyang58/linux/2019/11-24/multitable.c
/backup/cyang58/linux/2019/12-08/lab/lab2.c
/backup/cyang58/linux/2019/12-08/cs120.c
/backup/cyang58/linux/2019/12-08/100loop.c
/backup/cyang58/linux/2019/12-08/826classwork.c
/backup/cyang58/linux/2019/12-08/hello.c
/backup/cyang58/linux/2019/12-08/multitable.c
/backup/cyang58/linux/2019/12-15/cs120.c
/backup/cyang58/linux/2019/12-15/lab/lab2.c
/backup/cyang58/linux/2019/12-15/100loop.c
/backup/cyang58/linux/2019/12-15/826classwork.c
/backup/cyang58/linux/2019/12-15/hello.c
/backup/cyang58/linux/2019/12-15/multitable.c
/backup/cyang58/linux/2019/12-29/cs120.c
/backup/cyang58/linux/2019/12-29/lab/lab2.c
/backup/cyang58/linux/2019/12-29/100loop.c
/backup/cyang58/linux/2019/12-29/826classwork.c
/backup/cyang58/linux/2019/12-29/hello.c
/backup/cyang58/linux/2019/12-29/multitable.c
/backup/cyang58/linux/2020/01-19/cs120.c
/backup/cyang58/linux/2020/01-19/lab/lab2.c
/backup/cyang58/linux/2020/01-19/100loop.c
/backup/cyang58/linux/2020/01-19/826classwork.c
/backup/cyang58/linux/2020/01-19/hello.c
/backup/cyang58/linux/2020/01-19/multitable.c
/backup/cyang58/linux/2020/02-02/cs120.c
/backup/cyang58/linux/2020/02-02/lab/lab2.c
/backup/cyang58/linux/2020/02-02/100loop.c
/backup/cyang58/linux/2020/02-02/826classwork.c
/backup/cyang58/linux/2020/02-02/hello.c
/backup/cyang58/linux/2020/02-02/multitable.c
/backup/cyang58/linux/2020/08-30/cs120.c
/backup/cyang58/linux/2020/08-30/git-repos/cs220/exercises/questions/src/x86/fns-asm.c
/backup/cyang58/linux/2020/08-30/git-repos/cs220/slides/intro/code/hello.c
/backup/cyang58/linux/2020/08-30/lab/lab2.c
/backup/cyang58/linux/2020/08-30/projects/cs220/slides/intro/code/hello.c
/backup/cyang58/linux/2020/08-30/projects/cs220/exercises/questions/src/x86/fns-asm.c
/backup/cyang58/linux/2020/08-30/100loop.c
/backup/cyang58/linux/2020/08-30/826classwork.c
/backup/cyang58/linux/2020/08-30/hello.c
/backup/cyang58/linux/2020/08-30/multitable.c
/backup/cyang58/linux/2020/09-06/cs120.c
/backup/cyang58/linux/2020/09-06/git-repos/cs220/exercises/questions/src/x86/fns-asm.c
/backup/cyang58/linux/2020/09-06/git-repos/cs220/slides/intro/code/hello.c
/backup/cyang58/linux/2020/09-06/lab/lab2.c
/backup/cyang58/linux/2020/09-06/projects/cs220/exercises/questions/src/x86/fns-asm.c
/backup/cyang58/linux/2020/09-06/projects/cs220/labs/lab1/exercises/1-hello/hello.c
/backup/cyang58/linux/2020/09-06/projects/cs220/labs/lab1/exercises/3-multifile/main.c
/backup/cyang58/linux/2020/09-06/projects/cs220/labs/lab1/exercises/3-multifile/quadr.c
/backup/cyang58/linux/2020/09-06/projects/cs220/labs/lab1/exercises/4-from-scratch/key-value.c
/backup/cyang58/linux/2020/09-06/projects/cs220/labs/lab1/exercises/4-from-scratch/main.c
/backup/cyang58/linux/2020/09-06/projects/cs220/labs/lab1/exercises/4-from-scratch/process-file.c
/backup/cyang58/linux/2020/09-06/projects/cs220/labs/lab1/exercises/5-auto-dependencies/main.c
/backup/cyang58/linux/2020/09-06/projects/cs220/labs/lab1/exercises/5-auto-dependencies/quadr.c
/backup/cyang58/linux/2020/09-06/projects/cs220/misc/doodles/220a/2020-09-02/expr-vs-statement.c
/backup/cyang58/linux/2020/09-06/projects/cs220/misc/doodles/220a/2020-09-02/fragments.c
/backup/cyang58/linux/2020/09-06/projects/cs220/misc/doodles/220a/2020-09-02/sizeof.c
/backup/cyang58/linux/2020/09-06/projects/cs220/misc/doodles/220a/2020-09-02/ternary.c
/backup/cyang58/linux/2020/09-06/projects/cs220/misc/doodles/220a/2020-08-28/hello-mem.c
/backup/cyang58/linux/2020/09-06/projects/cs220/misc/doodles/220a/2020-08-28/hello.c
/backup/cyang58/linux/2020/09-06/projects/cs220/misc/doodles/220b/2020-08-28/hello.c
/backup/cyang58/linux/2020/09-06/projects/cs220/misc/doodles/220b/2020-09-02/assign.c
/backup/cyang58/linux/2020/09-06/projects/cs220/misc/doodles/220b/2020-09-02/bits.c
/backup/cyang58/linux/2020/09-06/projects/cs220/misc/doodles/220b/2020-09-02/expr.c
/backup/cyang58/linux/2020/09-06/projects/cs220/misc/doodles/220b/2020-09-02/fragments.c
/backup/cyang58/linux/2020/09-06/projects/cs220/slides/c-intro/code/bases.c
/backup/cyang58/linux/2020/09-06/projects/cs220/slides/c-intro/code/count-1s-1.c
/backup/cyang58/linux/2020/09-06/projects/cs220/slides/c-intro/code/count-1s-2.c
/backup/cyang58/linux/2020/09-06/projects/cs220/slides/c-intro/code/endian.c
/backup/cyang58/linux/2020/09-06/projects/cs220/slides/c-intro/code/integer-sizes.c
/backup/cyang58/linux/2020/09-06/projects/cs220/slides/c-intro/code/kilo-powers.c
/backup/cyang58/linux/2020/09-06/projects/cs220/slides/c-intro/code/out-bits.c
/backup/cyang58/linux/2020/09-06/projects/cs220/slides/c-intro/code/ptr-sum.c
/backup/cyang58/linux/2020/09-06/projects/cs220/slides/c-intro/code/robust-sum.c
/backup/cyang58/linux/2020/09-06/projects/cs220/slides/c-intro/code/sum-args.c
/backup/cyang58/linux/2020/09-06/projects/cs220/slides/c-intro/code/sum.c
/backup/cyang58/linux/2020/09-06/projects/cs220/slides/c-intro/code/wc.c
/backup/cyang58/linux/2020/09-06/projects/cs220/slides/intro/code/hello.c
/backup/cyang58/linux/2020/09-06/projects/i220a/submit/lab1/exercises/1-hello/hello.c
/backup/cyang58/linux/2020/09-06/projects/i220a/submit/lab1/exercises/3-multifile/main.c
/backup/cyang58/linux/2020/09-06/projects/i220a/submit/lab1/exercises/3-multifile/quadr.c
/backup/cyang58/linux/2020/09-06/projects/i220a/submit/lab1/exercises/4-from-scratch/key-value.c
/backup/cyang58/linux/2020/09-06/projects/i220a/submit/lab1/exercises/4-from-scratch/main.c
/backup/cyang58/linux/2020/09-06/projects/i220a/submit/lab1/exercises/4-from-scratch/process-file.c
/backup/cyang58/linux/2020/09-06/projects/i220a/submit/lab1/exercises/5-auto-dependencies/main.c
/backup/cyang58/linux/2020/09-06/projects/i220a/submit/lab1/exercises/5-auto-dependencies/quadr.c
/backup/cyang58/linux/2020/09-06/100loop.c
/backup/cyang58/linux/2020/09-06/826classwork.c
/backup/cyang58/linux/2020/09-06/hello.c
/backup/cyang58/linux/2020/09-06/multitable.c
/backup/cyang58/linux/2020/09-13/lab/lab2.c
/backup/cyang58/linux/2020/09-13/projects/cs220/labs/lab1/exercises/1-hello/hello.c
/backup/cyang58/linux/2020/09-13/projects/cs220/labs/lab1/exercises/3-multifile/main.c
/backup/cyang58/linux/2020/09-13/projects/cs220/labs/lab1/exercises/3-multifile/quadr.c
/backup/cyang58/linux/2020/09-13/projects/cs220/labs/lab1/exercises/4-from-scratch/key-value.c
/backup/cyang58/linux/2020/09-13/projects/cs220/labs/lab1/exercises/4-from-scratch/main.c
/backup/cyang58/linux/2020/09-13/projects/cs220/labs/lab1/exercises/4-from-scratch/process-file.c
/backup/cyang58/linux/2020/09-13/projects/cs220/labs/lab1/exercises/5-auto-dependencies/main.c
/backup/cyang58/linux/2020/09-13/projects/cs220/labs/lab1/exercises/5-auto-dependencies/quadr.c
/backup/cyang58/linux/2020/09-13/projects/cs220/misc/doodles/220b/2020-08-28/hello.c
/backup/cyang58/linux/2020/09-13/projects/cs220/misc/doodles/220b/2020-09-02/assign.c
/backup/cyang58/linux/2020/09-13/projects/cs220/misc/doodles/220b/2020-09-02/bits.c
/backup/cyang58/linux/2020/09-13/projects/cs220/misc/doodles/220b/2020-09-02/expr.c
/backup/cyang58/linux/2020/09-13/projects/cs220/misc/doodles/220b/2020-09-02/fragments.c
/backup/cyang58/linux/2020/09-13/projects/cs220/misc/doodles/220a/2020-08-28/hello-mem.c
/backup/cyang58/linux/2020/09-13/projects/cs220/misc/doodles/220a/2020-08-28/hello.c
/backup/cyang58/linux/2020/09-13/projects/cs220/misc/doodles/220a/2020-09-02/expr-vs-statement.c
/backup/cyang58/linux/2020/09-13/projects/cs220/misc/doodles/220a/2020-09-02/fragments.c
/backup/cyang58/linux/2020/09-13/projects/cs220/misc/doodles/220a/2020-09-02/sizeof.c
/backup/cyang58/linux/2020/09-13/projects/cs220/misc/doodles/220a/2020-09-02/ternary.c
/backup/cyang58/linux/2020/09-13/projects/cs220/slides/intro/code/hello.c
/backup/cyang58/linux/2020/09-13/projects/cs220/slides/c-intro/code/bases.c
/backup/cyang58/linux/2020/09-13/projects/cs220/slides/c-intro/code/count-1s-1.c
/backup/cyang58/linux/2020/09-13/projects/cs220/slides/c-intro/code/count-1s-2.c
/backup/cyang58/linux/2020/09-13/projects/cs220/slides/c-intro/code/endian.c
/backup/cyang58/linux/2020/09-13/projects/cs220/slides/c-intro/code/integer-sizes.c
/backup/cyang58/linux/2020/09-13/projects/cs220/slides/c-intro/code/kilo-powers.c
/backup/cyang58/linux/2020/09-13/projects/cs220/slides/c-intro/code/out-bits.c
/backup/cyang58/linux/2020/09-13/projects/cs220/slides/c-intro/code/ptr-sum.c
/backup/cyang58/linux/2020/09-13/projects/cs220/slides/c-intro/code/robust-sum.c
/backup/cyang58/linux/2020/09-13/projects/cs220/slides/c-intro/code/sum-args.c
/backup/cyang58/linux/2020/09-13/projects/cs220/slides/c-intro/code/sum.c
/backup/cyang58/linux/2020/09-13/projects/cs220/slides/c-intro/code/wc.c
/backup/cyang58/linux/2020/09-13/projects/cs220/exercises/questions/src/x86/fns-asm.c
/backup/cyang58/linux/2020/09-13/projects/i220a/submit/lab1/exercises/1-hello/hello.c
/backup/cyang58/linux/2020/09-13/projects/i220a/submit/lab1/exercises/3-multifile/main.c
/backup/cyang58/linux/2020/09-13/projects/i220a/submit/lab1/exercises/3-multifile/quadr.c
/backup/cyang58/linux/2020/09-13/projects/i220a/submit/lab1/exercises/4-from-scratch/key-value.c
/backup/cyang58/linux/2020/09-13/projects/i220a/submit/lab1/exercises/4-from-scratch/main.c
/backup/cyang58/linux/2020/09-13/projects/i220a/submit/lab1/exercises/4-from-scratch/process-file.c
/backup/cyang58/linux/2020/09-13/projects/i220a/submit/lab1/exercises/5-auto-dependencies/main.c
/backup/cyang58/linux/2020/09-13/projects/i220a/submit/lab1/exercises/5-auto-dependencies/quadr.c
/backup/cyang58/linux/2020/09-13/cs120.c
/backup/cyang58/linux/2020/09-13/100loop.c
/backup/cyang58/linux/2020/09-13/826classwork.c
/backup/cyang58/linux/2020/09-13/hello.c
/backup/cyang58/linux/2020/09-13/multitable.c
/backup/cyang58/linux/2020/09-13/git-repos/cs220/slides/intro/code/hello.c
/backup/cyang58/linux/2020/09-13/git-repos/cs220/exercises/questions/src/x86/fns-asm.c
/backup/cyang58/linux/2020/09-20/cs120.c
/backup/cyang58/linux/2020/09-20/100loop.c
/backup/cyang58/linux/2020/09-20/826classwork.c
/backup/cyang58/linux/2020/09-20/hello.c
/backup/cyang58/linux/2020/09-20/multitable.c
/backup/cyang58/linux/2020/09-20/git-repos/cs220/slides/intro/code/hello.c
/backup/cyang58/linux/2020/09-20/git-repos/cs220/exercises/questions/src/x86/fns-asm.c
/backup/cyang58/linux/2020/09-20/lab/lab2.c
/backup/cyang58/linux/2020/09-20/projects/cs220/exercises/questions/src/x86/fns-asm.c
/backup/cyang58/linux/2020/09-20/projects/cs220/labs/lab1/exercises/1-hello/hello.c
/backup/cyang58/linux/2020/09-20/projects/cs220/labs/lab1/exercises/3-multifile/main.c
/backup/cyang58/linux/2020/09-20/projects/cs220/labs/lab1/exercises/3-multifile/quadr.c
/backup/cyang58/linux/2020/09-20/projects/cs220/labs/lab1/exercises/4-from-scratch/key-value.c
/backup/cyang58/linux/2020/09-20/projects/cs220/labs/lab1/exercises/4-from-scratch/main.c
/backup/cyang58/linux/2020/09-20/projects/cs220/labs/lab1/exercises/4-from-scratch/process-file.c
/backup/cyang58/linux/2020/09-20/projects/cs220/labs/lab1/exercises/5-auto-dependencies/main.c
/backup/cyang58/linux/2020/09-20/projects/cs220/labs/lab1/exercises/5-auto-dependencies/quadr.c
/backup/cyang58/linux/2020/09-20/projects/cs220/labs/lab2/exercises/1-hello-args/hello.c
/backup/cyang58/linux/2020/09-20/projects/cs220/labs/lab2/exercises/2-hello-upcase-args/hello.c
/backup/cyang58/linux/2020/09-20/projects/cs220/misc/doodles/220a/2020-09-18/decl-defn.c
/backup/cyang58/linux/2020/09-20/projects/cs220/misc/doodles/220a/2020-09-18/doodles.c
/backup/cyang58/linux/2020/09-20/projects/cs220/misc/doodles/220a/2020-09-18/multi-array.c
/backup/cyang58/linux/2020/09-20/projects/cs220/misc/doodles/220a/2020-09-18/ptr-array.c
/backup/cyang58/linux/2020/09-20/projects/cs220/misc/doodles/220a/2020-08-28/hello-mem.c
/backup/cyang58/linux/2020/09-20/projects/cs220/misc/doodles/220a/2020-08-28/hello.c
/backup/cyang58/linux/2020/09-20/projects/cs220/misc/doodles/220a/2020-09-02/expr-vs-statement.c
/backup/cyang58/linux/2020/09-20/projects/cs220/misc/doodles/220a/2020-09-02/fragments.c
/backup/cyang58/linux/2020/09-20/projects/cs220/misc/doodles/220a/2020-09-02/sizeof.c
/backup/cyang58/linux/2020/09-20/projects/cs220/misc/doodles/220a/2020-09-02/ternary.c
/backup/cyang58/linux/2020/09-20/projects/cs220/misc/doodles/220a/2020-09-04/arrays.c
/backup/cyang58/linux/2020/09-20/projects/cs220/misc/doodles/220a/2020-09-04/chars.c
/backup/cyang58/linux/2020/09-20/projects/cs220/misc/doodles/220a/2020-09-04/ints.c
/backup/cyang58/linux/2020/09-20/projects/cs220/misc/doodles/220a/2020-09-07/arrays.c
/backup/cyang58/linux/2020/09-20/projects/cs220/misc/doodles/220a/2020-09-07/bases.c
/backup/cyang58/linux/2020/09-20/projects/cs220/misc/doodles/220a/2020-09-07/sum.c
/backup/cyang58/linux/2020/09-20/projects/cs220/misc/doodles/220a/2020-09-09/doodles.c
/backup/cyang58/linux/2020/09-20/projects/cs220/misc/doodles/220a/2020-09-16/doodles.c
/backup/cyang58/linux/2020/09-20/projects/cs220/misc/doodles/220b/2020-08-28/hello.c
/backup/cyang58/linux/2020/09-20/projects/cs220/misc/doodles/220b/2020-09-02/assign.c
/backup/cyang58/linux/2020/09-20/projects/cs220/misc/doodles/220b/2020-09-02/bits.c
/backup/cyang58/linux/2020/09-20/projects/cs220/misc/doodles/220b/2020-09-02/expr.c
/backup/cyang58/linux/2020/09-20/projects/cs220/misc/doodles/220b/2020-09-02/fragments.c
/backup/cyang58/linux/2020/09-20/projects/cs220/misc/doodles/220b/2020-09-04/arrays.c
/backup/cyang58/linux/2020/09-20/projects/cs220/misc/doodles/220b/2020-09-04/chars.c
/backup/cyang58/linux/2020/09-20/projects/cs220/misc/doodles/220b/2020-09-04/ints.c
/backup/cyang58/linux/2020/09-20/projects/cs220/misc/doodles/220b/2020-09-07/arrays.c
/backup/cyang58/linux/2020/09-20/projects/cs220/misc/doodles/220b/2020-09-07/gsum.c
/backup/cyang58/linux/2020/09-20/projects/cs220/misc/doodles/220b/2020-09-07/sum.c
/backup/cyang58/linux/2020/09-20/projects/cs220/misc/doodles/220b/2020-09-09/doodles.c
/backup/cyang58/linux/2020/09-20/projects/cs220/misc/doodles/220b/2020-09-16/doodles.c
/backup/cyang58/linux/2020/09-20/projects/cs220/misc/doodles/220b/2020-09-18/arr-ptr.c
/backup/cyang58/linux/2020/09-20/projects/cs220/misc/doodles/220b/2020-09-18/doodles.c
/backup/cyang58/linux/2020/09-20/projects/cs220/misc/doodles/220b/2020-09-18/strings.c
/backup/cyang58/linux/2020/09-20/projects/cs220/projects/prj1/extras/flip-bits/flip-bits.c
/backup/cyang58/linux/2020/09-20/projects/cs220/projects/prj1/prj1-sol/hamming.c
/backup/cyang58/linux/2020/09-20/projects/cs220/projects/prj1/prj1-sol/main.c
/backup/cyang58/linux/2020/09-20/projects/cs220/slides/c-intro/code/sum.c
/backup/cyang58/linux/2020/09-20/projects/cs220/slides/c-intro/code/bases.c
/backup/cyang58/linux/2020/09-20/projects/cs220/slides/c-intro/code/count-1s-1.c
/backup/cyang58/linux/2020/09-20/projects/cs220/slides/c-intro/code/count-1s-2.c
/backup/cyang58/linux/2020/09-20/projects/cs220/slides/c-intro/code/endian.c
/backup/cyang58/linux/2020/09-20/projects/cs220/slides/c-intro/code/integer-sizes.c
/backup/cyang58/linux/2020/09-20/projects/cs220/slides/c-intro/code/kilo-powers.c
/backup/cyang58/linux/2020/09-20/projects/cs220/slides/c-intro/code/ptr-sum.c
/backup/cyang58/linux/2020/09-20/projects/cs220/slides/c-intro/code/robust-sum.c
/backup/cyang58/linux/2020/09-20/projects/cs220/slides/c-intro/code/sum-args.c
/backup/cyang58/linux/2020/09-20/projects/cs220/slides/c-intro/code/wc.c
/backup/cyang58/linux/2020/09-20/projects/cs220/slides/c-intro/code/out-bits.c
/backup/cyang58/linux/2020/09-20/projects/cs220/slides/intro/code/hello.c
/backup/cyang58/linux/2020/09-20/projects/i220a/submit/lab1/exercises/1-hello/hello.c
/backup/cyang58/linux/2020/09-20/projects/i220a/submit/lab1/exercises/3-multifile/main.c
/backup/cyang58/linux/2020/09-20/projects/i220a/submit/lab1/exercises/3-multifile/quadr.c
/backup/cyang58/linux/2020/09-20/projects/i220a/submit/lab1/exercises/4-from-scratch/key-value.c
/backup/cyang58/linux/2020/09-20/projects/i220a/submit/lab1/exercises/4-from-scratch/main.c
/backup/cyang58/linux/2020/09-20/projects/i220a/submit/lab1/exercises/4-from-scratch/process-file.c
/backup/cyang58/linux/2020/09-20/projects/i220a/submit/lab1/exercises/5-auto-dependencies/main.c
/backup/cyang58/linux/2020/09-20/projects/i220a/submit/lab1/exercises/5-auto-dependencies/quadr.c
/backup/cyang58/linux/2020/09-20/projects/i220a/submit/lab2/exercises/1-hello-args/hello.c
/backup/cyang58/linux/2020/09-20/projects/i220a/submit/lab2/exercises/2-hello-upcase-args/hello.c
/backup/cyang58/linux/2020/09-20/projects/i220a/submit/lab3/dir/t2.c
/backup/cyang58/linux/2020/09-20/projects/i220a/submit/lab3/t1.c
/backup/cyang58/linux/2020/09-20/projects/i220a/submit/lab3/v.c
/backup/cyang58/linux/2020/09-20/projects/i220a/submit/lab3/x.c
/backup/cyang58/linux/2020/09-27/cs120.c
/backup/cyang58/linux/2020/09-27/100loop.c
/backup/cyang58/linux/2020/09-27/826classwork.c
/backup/cyang58/linux/2020/09-27/hello.c
/backup/cyang58/linux/2020/09-27/multitable.c
/backup/cyang58/linux/2020/09-27/git-repos/cs220/exercises/questions/src/x86/fns-asm.c
/backup/cyang58/linux/2020/09-27/git-repos/cs220/slides/intro/code/hello.c
/backup/cyang58/linux/2020/09-27/lab/lab2.c
/backup/cyang58/linux/2020/09-27/projects/cs220/exercises/questions/src/x86/fns-asm.c
/backup/cyang58/linux/2020/09-27/projects/cs220/labs/4-pointers/exercises/1-pointers/pointers.c
/backup/cyang58/linux/2020/09-27/projects/cs220/labs/4-pointers/exercises/2-in-pointers/in-pointers.c
/backup/cyang58/linux/2020/09-27/projects/cs220/labs/4-pointers/exercises/3-bad-types/bad-types.c
/backup/cyang58/linux/2020/09-27/projects/cs220/labs/4-pointers/exercises/4-cast-types/cast-types.c
/backup/cyang58/linux/2020/09-27/projects/cs220/labs/4-pointers/exercises/5-void-pointers/void-pointers.c
/backup/cyang58/linux/2020/09-27/projects/cs220/labs/4-pointers/exercises/6-in-voids/in-voids.c
/backup/cyang58/linux/2020/09-27/projects/cs220/labs/lab1/exercises/1-hello/hello.c
/backup/cyang58/linux/2020/09-27/projects/cs220/labs/lab1/exercises/3-multifile/main.c
/backup/cyang58/linux/2020/09-27/projects/cs220/labs/lab1/exercises/3-multifile/quadr.c
/backup/cyang58/linux/2020/09-27/projects/cs220/labs/lab1/exercises/4-from-scratch/key-value.c
/backup/cyang58/linux/2020/09-27/projects/cs220/labs/lab1/exercises/4-from-scratch/main.c
/backup/cyang58/linux/2020/09-27/projects/cs220/labs/lab1/exercises/4-from-scratch/process-file.c
/backup/cyang58/linux/2020/09-27/projects/cs220/labs/lab1/exercises/5-auto-dependencies/main.c
/backup/cyang58/linux/2020/09-27/projects/cs220/labs/lab1/exercises/5-auto-dependencies/quadr.c
/backup/cyang58/linux/2020/09-27/projects/cs220/labs/lab2/exercises/1-hello-args/hello.c
/backup/cyang58/linux/2020/09-27/projects/cs220/labs/lab2/exercises/2-hello-upcase-args/hello.c
/backup/cyang58/linux/2020/09-27/projects/cs220/misc/doodles/220a/2020-08-28/hello-mem.c
/backup/cyang58/linux/2020/09-27/projects/cs220/misc/doodles/220a/2020-08-28/hello.c
/backup/cyang58/linux/2020/09-27/projects/cs220/misc/doodles/220a/2020-09-02/expr-vs-statement.c
/backup/cyang58/linux/2020/09-27/projects/cs220/misc/doodles/220a/2020-09-02/fragments.c
/backup/cyang58/linux/2020/09-27/projects/cs220/misc/doodles/220a/2020-09-02/sizeof.c
/backup/cyang58/linux/2020/09-27/projects/cs220/misc/doodles/220a/2020-09-02/ternary.c
/backup/cyang58/linux/2020/09-27/projects/cs220/misc/doodles/220a/2020-09-04/arrays.c
/backup/cyang58/linux/2020/09-27/projects/cs220/misc/doodles/220a/2020-09-04/chars.c
/backup/cyang58/linux/2020/09-27/projects/cs220/misc/doodles/220a/2020-09-04/ints.c
/backup/cyang58/linux/2020/09-27/projects/cs220/misc/doodles/220a/2020-09-07/arrays.c
/backup/cyang58/linux/2020/09-27/projects/cs220/misc/doodles/220a/2020-09-07/bases.c
/backup/cyang58/linux/2020/09-27/projects/cs220/misc/doodles/220a/2020-09-07/sum.c
/backup/cyang58/linux/2020/09-27/projects/cs220/misc/doodles/220a/2020-09-09/doodles.c
/backup/cyang58/linux/2020/09-27/projects/cs220/misc/doodles/220a/2020-09-16/doodles.c
/backup/cyang58/linux/2020/09-27/projects/cs220/misc/doodles/220a/2020-09-18/decl-defn.c
/backup/cyang58/linux/2020/09-27/projects/cs220/misc/doodles/220a/2020-09-18/doodles.c
/backup/cyang58/linux/2020/09-27/projects/cs220/misc/doodles/220a/2020-09-18/multi-array.c
/backup/cyang58/linux/2020/09-27/projects/cs220/misc/doodles/220a/2020-09-18/ptr-array.c
/backup/cyang58/linux/2020/09-27/projects/cs220/misc/doodles/220a/2020-09-21/ptr-ret.c
/backup/cyang58/linux/2020/09-27/projects/cs220/misc/doodles/220a/2020-09-21/quadr.c
/backup/cyang58/linux/2020/09-27/projects/cs220/misc/doodles/220a/2020-09-23/doodles.c
/backup/cyang58/linux/2020/09-27/projects/cs220/misc/doodles/220b/2020-09-21/doodles.c
/backup/cyang58/linux/2020/09-27/projects/cs220/misc/doodles/220b/2020-09-21/even-odd.c
/backup/cyang58/linux/2020/09-27/projects/cs220/misc/doodles/220b/2020-09-21/quadr.c
/backup/cyang58/linux/2020/09-27/projects/cs220/misc/doodles/220b/2020-09-23/doodles.c
/backup/cyang58/linux/2020/09-27/projects/cs220/misc/doodles/220b/2020-08-28/hello.c
/backup/cyang58/linux/2020/09-27/projects/cs220/misc/doodles/220b/2020-09-02/assign.c
/backup/cyang58/linux/2020/09-27/projects/cs220/misc/doodles/220b/2020-09-02/bits.c
/backup/cyang58/linux/2020/09-27/projects/cs220/misc/doodles/220b/2020-09-02/expr.c
/backup/cyang58/linux/2020/09-27/projects/cs220/misc/doodles/220b/2020-09-02/fragments.c
/backup/cyang58/linux/2020/09-27/projects/cs220/misc/doodles/220b/2020-09-04/arrays.c
/backup/cyang58/linux/2020/09-27/projects/cs220/misc/doodles/220b/2020-09-04/chars.c
/backup/cyang58/linux/2020/09-27/projects/cs220/misc/doodles/220b/2020-09-04/ints.c
/backup/cyang58/linux/2020/09-27/projects/cs220/misc/doodles/220b/2020-09-07/arrays.c
/backup/cyang58/linux/2020/09-27/projects/cs220/misc/doodles/220b/2020-09-07/gsum.c
/backup/cyang58/linux/2020/09-27/projects/cs220/misc/doodles/220b/2020-09-07/sum.c
/backup/cyang58/linux/2020/09-27/projects/cs220/misc/doodles/220b/2020-09-09/doodles.c
/backup/cyang58/linux/2020/09-27/projects/cs220/misc/doodles/220b/2020-09-16/doodles.c
/backup/cyang58/linux/2020/09-27/projects/cs220/misc/doodles/220b/2020-09-18/arr-ptr.c
/backup/cyang58/linux/2020/09-27/projects/cs220/misc/doodles/220b/2020-09-18/doodles.c
/backup/cyang58/linux/2020/09-27/projects/cs220/misc/doodles/220b/2020-09-18/strings.c
/backup/cyang58/linux/2020/09-27/projects/cs220/projects/prj1/extras/flip-bits/flip-bits.c
/backup/cyang58/linux/2020/09-27/projects/cs220/projects/prj1/prj1-sol/hamming.c
/backup/cyang58/linux/2020/09-27/projects/cs220/projects/prj1/prj1-sol/main.c
/backup/cyang58/linux/2020/09-27/projects/cs220/slides/c-intro/code/sum.c
/backup/cyang58/linux/2020/09-27/projects/cs220/slides/c-intro/code/bases.c
/backup/cyang58/linux/2020/09-27/projects/cs220/slides/c-intro/code/coun